// Jest Snapshot v1, https://goo.gl/fbAQLP

exports[`ResetPasswordPage renders correctly 1`] = `
<div>
  <div
    class="MuiGrid-root makeStyles-root-1 MuiGrid-container"
  >
    <div
      class="MuiGrid-root makeStyles-container-2 MuiGrid-item MuiGrid-grid-xs-12"
    >
      <div
        class="makeStyles-paper-3"
      >
        <div
          class="MuiAvatar-root MuiAvatar-circle makeStyles-avatar-4 MuiAvatar-colorDefault"
        >
          <svg
            aria-hidden="true"
            class="MuiSvgIcon-root"
            focusable="false"
            viewBox="0 0 24 24"
          >
            <path
              d="M18 8h-1V6c0-2.76-2.24-5-5-5S7 3.24 7 6v2H6c-1.1 0-2 .9-2 2v10c0 1.1.9 2 2 2h12c1.1 0 2-.9 2-2V10c0-1.1-.9-2-2-2zM9 6c0-1.66 1.34-3 3-3s3 1.34 3 3v2H9V6zm9 14H6V10h12v10zm-6-3c1.1 0 2-.9 2-2s-.9-2-2-2-2 .9-2 2 .9 2 2 2z"
            />
          </svg>
        </div>
        <h1
          class="MuiTypography-root MuiTypography-h5"
        >
          Reset Password
        </h1>
        <form
          id="reset-password-form"
          style="width: 100%;"
        >
          <div
            class="MuiFormControl-root MuiTextField-root MuiFormControl-marginNormal MuiFormControl-fullWidth"
          >
            <label
              class="MuiFormLabel-root MuiInputLabel-root MuiInputLabel-formControl MuiInputLabel-animated MuiInputLabel-outlined Mui-required Mui-required"
              data-shrink="false"
              for="reset-password-form-newPassword"
              id="reset-password-form-newPassword-label"
            >
              New Password
              <span
                aria-hidden="true"
                class="MuiFormLabel-asterisk MuiInputLabel-asterisk"
              >
                 
                *
              </span>
            </label>
            <div
              class="MuiInputBase-root MuiOutlinedInput-root MuiInputBase-fullWidth MuiInputBase-formControl"
            >
              <input
                aria-invalid="false"
                autocomplete="newPassword"
                class="MuiInputBase-input MuiOutlinedInput-input"
                id="reset-password-form-newPassword"
                name="newPassword"
                required=""
                type="password"
                value=""
              />
              <fieldset
                aria-hidden="true"
                class="PrivateNotchedOutline-root-6 MuiOutlinedInput-notchedOutline"
              >
                <legend
                  class="PrivateNotchedOutline-legendLabelled-8"
                >
                  <span>
                    New Password
                     *
                  </span>
                </legend>
              </fieldset>
            </div>
          </div>
          <div
            class="MuiFormControl-root MuiTextField-root MuiFormControl-marginNormal MuiFormControl-fullWidth"
          >
            <label
              class="MuiFormLabel-root MuiInputLabel-root MuiInputLabel-formControl MuiInputLabel-animated MuiInputLabel-outlined Mui-required Mui-required"
              data-shrink="false"
              for="reset-password-form-newPasswordConfirmation"
              id="reset-password-form-newPasswordConfirmation-label"
            >
              New Password Confirmation
              <span
                aria-hidden="true"
                class="MuiFormLabel-asterisk MuiInputLabel-asterisk"
              >
                 
                *
              </span>
            </label>
            <div
              class="MuiInputBase-root MuiOutlinedInput-root MuiInputBase-fullWidth MuiInputBase-formControl"
            >
              <input
                aria-invalid="false"
                autocomplete="newPasswordConfirmation"
                class="MuiInputBase-input MuiOutlinedInput-input"
                id="reset-password-form-newPasswordConfirmation"
                name="newPasswordConfirmation"
                required=""
                type="password"
                value=""
              />
              <fieldset
                aria-hidden="true"
                class="PrivateNotchedOutline-root-6 MuiOutlinedInput-notchedOutline"
              >
                <legend
                  class="PrivateNotchedOutline-legendLabelled-8"
                >
                  <span>
                    New Password Confirmation
                     *
                  </span>
                </legend>
              </fieldset>
            </div>
          </div>
          <button
            class="MuiButtonBase-root MuiButton-root MuiButton-contained makeStyles-submit-5 MuiButton-containedPrimary MuiButton-fullWidth"
            tabindex="0"
            type="submit"
          >
            <span
              class="MuiButton-label"
            >
              Reset Password
            </span>
            <span
              class="MuiTouchRipple-root"
            />
          </button>
        </form>
        <div
          class="MuiGrid-root MuiGrid-container"
        >
          <div
            class="MuiGrid-root MuiGrid-item MuiGrid-grid-xs-true"
          >
            <a
              class="MuiTypography-root MuiLink-root MuiLink-underlineAlways MuiTypography-body2 MuiTypography-colorTextPrimary"
              href="/signup"
            >
              Sign Up
            </a>
          </div>
          <div
            class="MuiGrid-root MuiGrid-item"
          >
            <a
              class="MuiTypography-root MuiLink-root MuiLink-underlineAlways MuiTypography-body2 MuiTypography-colorTextPrimary"
              href="/signin"
            >
              Sign In
            </a>
          </div>
        </div>
      </div>
    </div>
  </div>
</div>
`;
