// Jest Snapshot v1, https://goo.gl/fbAQLP

exports[`Connected ChatPage renders correctly 1`] = `
<div>
  <div
    class="makeStyles-container-1"
  >
    <div
      class="MuiPaper-root makeStyles-container-3  MuiPaper-elevation8"
    >
      <div
        aria-disabled="false"
        class="MuiButtonBase-root MuiListItem-root makeStyles-container-5 MuiListItem-button"
        role="button"
        tabindex="0"
      >
        <div
          class="makeStyles-container-7"
        >
          <div
            class="MuiAvatar-root MuiAvatar-circular MuiAvatar-colorDefault"
          >
            <svg
              aria-hidden="true"
              class="MuiSvgIcon-root makeStyles-icon-8"
              focusable="false"
              viewBox="0 0 24 24"
            >
              <path
                d="M12 2C6.48 2 2 6.48 2 12s4.48 10 10 10 10-4.48 10-10S17.52 2 12 2zm0 3c1.66 0 3 1.34 3 3s-1.34 3-3 3-3-1.34-3-3 1.34-3 3-3zm0 14.2c-2.5 0-4.71-1.28-6-3.22.03-1.99 4-3.08 6-3.08 1.99 0 5.97 1.09 6 3.08-1.29 1.94-3.5 3.22-6 3.22z"
              />
            </svg>
          </div>
          <span
            class="makeStyles-dotContainer-9"
          >
            <span
              class="makeStyles-dot-10 makeStyles-dot_active-11 "
              title="Common:Active"
            />
          </span>
        </div>
        <div
          class="makeStyles-textContainer-6"
        >
          <span
            class="MuiTypography-root MuiTypography-subtitle1 MuiTypography-colorInherit MuiTypography-noWrap"
            title=""
          />
        </div>
        <span
          class="MuiTouchRipple-root"
        />
      </div>
    </div>
    <div
      class="makeStyles-rightContainer-2"
    >
      <div
        class="makeStyles-content-25"
      >
        <div
          class="MuiPaper-root MuiCard-root MuiPaper-elevation8 MuiPaper-rounded"
        >
          <div
            class="MuiCardHeader-root"
          >
            <div
              class="MuiCardHeader-content"
            >
              <span
                class="MuiTypography-root MuiCardHeader-title MuiTypography-h5 MuiTypography-displayBlock"
              >
                Messages:Confirm your email
              </span>
            </div>
          </div>
          <div
            class="MuiCardContent-root makeStyles-cardContent-26"
          >
            <p
              class="MuiTypography-root MuiTypography-body1"
            >
              Please, follow the instructions in the email that we sent to you.
              <br />
              That is a necessary step for you to be able to use our chat system.
            </p>
          </div>
        </div>
      </div>
    </div>
  </div>
</div>
`;
