// Jest Snapshot v1, https://goo.gl/fbAQLP

exports[`SignInPage renders correctly 1`] = `
<div>
  <div
    class="MuiGrid-root makeStyles-root-1 MuiGrid-container"
  >
    <div
      class="MuiGrid-root makeStyles-container-2 MuiGrid-item MuiGrid-grid-xs-12"
    >
      <div
        class="makeStyles-paper-3"
      >
        <div
          class="MuiAvatar-root MuiAvatar-circle makeStyles-avatar-4 MuiAvatar-colorDefault"
        >
          <svg
            aria-hidden="true"
            class="MuiSvgIcon-root"
            focusable="false"
            viewBox="0 0 24 24"
          >
            <path
              d="M18 8h-1V6c0-2.76-2.24-5-5-5S7 3.24 7 6v2H6c-1.1 0-2 .9-2 2v10c0 1.1.9 2 2 2h12c1.1 0 2-.9 2-2V10c0-1.1-.9-2-2-2zM9 6c0-1.66 1.34-3 3-3s3 1.34 3 3v2H9V6zm9 14H6V10h12v10zm-6-3c1.1 0 2-.9 2-2s-.9-2-2-2-2 .9-2 2 .9 2 2 2z"
            />
          </svg>
        </div>
        <h1
          class="MuiTypography-root MuiTypography-h5"
        >
          Messages:Sign In
        </h1>
        <form
          id="sign-in-form"
          style="width: 100%;"
        >
          <div
            class="MuiFormControl-root MuiTextField-root makeStyles-textInput-6 MuiFormControl-marginNormal MuiFormControl-fullWidth"
          >
            <label
              class="MuiFormLabel-root MuiInputLabel-root MuiInputLabel-formControl MuiInputLabel-animated MuiInputLabel-outlined Mui-required Mui-required"
              data-shrink="false"
              for="sign-in-form-email"
              id="sign-in-form-email-label"
            >
              Common:Email
              <span
                aria-hidden="true"
                class="MuiFormLabel-asterisk MuiInputLabel-asterisk"
              >
                 
                *
              </span>
            </label>
            <div
              class="MuiInputBase-root MuiOutlinedInput-root MuiInputBase-fullWidth MuiInputBase-formControl"
            >
              <input
                aria-invalid="false"
                autocomplete="email"
                class="MuiInputBase-input MuiOutlinedInput-input"
                id="sign-in-form-email"
                name="email"
                required=""
                type="email"
                value=""
              />
              <fieldset
                aria-hidden="true"
                class="PrivateNotchedOutline-root-7 MuiOutlinedInput-notchedOutline"
              >
                <legend
                  class="PrivateNotchedOutline-legendLabelled-9"
                >
                  <span>
                    Common:Email
                     *
                  </span>
                </legend>
              </fieldset>
            </div>
          </div>
          <div
            class="MuiFormControl-root MuiTextField-root makeStyles-textInput-6 MuiFormControl-marginNormal MuiFormControl-fullWidth"
          >
            <label
              class="MuiFormLabel-root MuiInputLabel-root MuiInputLabel-formControl MuiInputLabel-animated MuiInputLabel-outlined Mui-required Mui-required"
              data-shrink="false"
              for="sign-in-form-password"
              id="sign-in-form-password-label"
            >
              Common:Password
              <span
                aria-hidden="true"
                class="MuiFormLabel-asterisk MuiInputLabel-asterisk"
              >
                 
                *
              </span>
            </label>
            <div
              class="MuiInputBase-root MuiOutlinedInput-root MuiInputBase-fullWidth MuiInputBase-formControl"
            >
              <input
                aria-invalid="false"
                autocomplete="password"
                class="MuiInputBase-input MuiOutlinedInput-input"
                id="sign-in-form-password"
                name="password"
                required=""
                type="password"
                value=""
              />
              <fieldset
                aria-hidden="true"
                class="PrivateNotchedOutline-root-7 MuiOutlinedInput-notchedOutline"
              >
                <legend
                  class="PrivateNotchedOutline-legendLabelled-9"
                >
                  <span>
                    Common:Password
                     *
                  </span>
                </legend>
              </fieldset>
            </div>
          </div>
          <label
            class="MuiFormControlLabel-root"
          >
            <span
              aria-disabled="false"
              class="MuiButtonBase-root MuiIconButton-root PrivateSwitchBase-root-11 MuiCheckbox-root MuiCheckbox-colorPrimary MuiIconButton-colorPrimary"
            >
              <span
                class="MuiIconButton-label"
              >
                <input
                  class="PrivateSwitchBase-input-14"
                  data-indeterminate="false"
                  name="remember_me"
                  type="checkbox"
                  value=""
                />
                <svg
                  aria-hidden="true"
                  class="MuiSvgIcon-root"
                  focusable="false"
                  viewBox="0 0 24 24"
                >
                  <path
                    d="M19 5v14H5V5h14m0-2H5c-1.1 0-2 .9-2 2v14c0 1.1.9 2 2 2h14c1.1 0 2-.9 2-2V5c0-1.1-.9-2-2-2z"
                  />
                </svg>
              </span>
              <span
                class="MuiTouchRipple-root"
              />
            </span>
            <span
              class="MuiTypography-root MuiFormControlLabel-label MuiTypography-body1"
            >
              Common:Remember me
            </span>
          </label>
          <button
            class="MuiButtonBase-root MuiButton-root MuiButton-contained makeStyles-submit-5 MuiButton-containedPrimary MuiButton-fullWidth"
            tabindex="0"
            type="submit"
          >
            <span
              class="MuiButton-label"
            >
              Common:Sign in
            </span>
            <span
              class="MuiTouchRipple-root"
            />
          </button>
        </form>
        <div
          class="MuiGrid-root MuiGrid-container"
        >
          <div
            class="MuiGrid-root MuiGrid-item MuiGrid-grid-xs-true"
          >
            <a
              class="MuiTypography-root MuiLink-root MuiLink-underlineAlways MuiTypography-body2 MuiTypography-colorTextPrimary"
              href="/forgot_password"
            >
              Common:Forgot password?
            </a>
          </div>
          <div
            class="MuiGrid-root MuiGrid-item"
          >
            <a
              class="MuiTypography-root MuiLink-root MuiLink-underlineAlways MuiTypography-body2 MuiTypography-colorTextPrimary"
              href="/signup"
            >
              Common:Don't have an account? Sign Up
            </a>
          </div>
        </div>
      </div>
    </div>
  </div>
</div>
`;
